_rtld_global 0x6011e0
_rtld_global_ro 0x6010a0
test1 0x885680
pid 1338
