o: test1 0x1ad6010
o: test3 0x1ad6030
o: test1 0x1ad6050
o: test3 0x1ad6070
o: test1 0x1ad6090
o: test3 0x1ad60b0
pid 1353
