_rtld_global 0x804a260
_rtld_global_ro 0x804a060
test1 0x9527038
pid 1226
