o: test1 0x8a35008
o: test2 0x8a350a8
o: test3 0x8a350c0
pid 1274
