o: test1 0x88df008
o: test3 0x88df018
o: test1 0x88df030
o: test3 0x88df040
o: test1 0x88df058
o: test3 0x88df068
pid 1244
