o: test1 0xba0010
o: test2 0xba00c0
o: test3 0xba00f0
pid 1396
